DEBUG 2026-06-12 18:04:11.262 UTC: 	 CRAB Client version: v3.251020
DEBUG 2026-06-12 18:04:11.262 UTC: 	 Running on: Linux cmslpc211.fnal.gov 4.18.0-553.126.2.el8_10.x86_64 #1 SMP Thu May 28 09:13:02 EDT 2026 x86_64 x86_64 x86_64 GNU/Linux
DEBUG 2026-06-12 18:04:11.262 UTC: 	 Not using Singularity
DEBUG 2026-06-12 18:04:11.262 UTC: 	 Operating System: AlmaLinux 8.10 (Cerulean Leopard)
DEBUG 2026-06-12 18:04:11.262 UTC: 	 Executing command: 'status'
DEBUG 2026-06-12 18:04:11.263 UTC: 	 Found CRAB cache file /uscms/home/reshmar/.crab3
ERROR 2026-06-12 18:04:11.268 UTC: 	 Error: crab_projects/crab_iDMe_pythiaGenFragment_ctau-100__chain_Run3Summer22 is not a valid CRAB project directory.
ERROR 2026-06-12 18:04:11.268 UTC: 	 Caught ClientException exception
Traceback (most recent call last):
  File "/cvmfs/cms.cern.ch/share/cms/crab-prod/v3.251020.00/bin/crab.py", line 157, in <module>
    client()
  File "/cvmfs/cms.cern.ch/share/cms/crab-prod/v3.251020.00/bin/crab.py", line 135, in __call__
    self.cmd = sub_cmd(self.logger, args[1:])  # the crab command to be executed
  File "/cvmfs/cms.cern.ch/share/cms/crab-prod/v3.251020.00/lib/CRABClient/Commands/status.py", line 50, in __init__
    SubCommand.__init__(self, logger, cmdargs)
  File "/cvmfs/cms.cern.ch/share/cms/crab-prod/v3.251020.00/lib/CRABClient/Commands/SubCommand.py", line 281, in __init__
    SubCommand.validateOptions(self)
  File "/cvmfs/cms.cern.ch/share/cms/crab-prod/v3.251020.00/lib/CRABClient/Commands/SubCommand.py", line 691, in validateOptions
    raise ConfigurationException(msg)
CRABClient.ClientExceptions.ConfigurationException: [91mError[0m: crab_projects/crab_iDMe_pythiaGenFragment_ctau-100__chain_Run3Summer22 is not a valid CRAB project directory.
INFO 2026-06-12 18:04:11.271 UTC: 	 Log file is /uscms_data/d3/reshmar/sampleFactory/SampleFactory/crab.log
DEBUG 2026-06-12 18:43:12.550 UTC: 	 CRAB Client version: v3.251020
DEBUG 2026-06-12 18:43:12.550 UTC: 	 Running on: Linux cmslpc211.fnal.gov 4.18.0-553.126.2.el8_10.x86_64 #1 SMP Thu May 28 09:13:02 EDT 2026 x86_64 x86_64 x86_64 GNU/Linux
DEBUG 2026-06-12 18:43:12.550 UTC: 	 Not using Singularity
DEBUG 2026-06-12 18:43:12.550 UTC: 	 Operating System: AlmaLinux 8.10 (Cerulean Leopard)
DEBUG 2026-06-12 18:43:12.550 UTC: 	 Executing command: 'status'
DEBUG 2026-06-12 18:43:12.550 UTC: 	 Found CRAB cache file /uscms/home/reshmar/.crab3
ERROR 2026-06-12 18:43:12.557 UTC: 	 Error: crab_projects/crab_iDMe_pythiaGenFragment_ctau-100__chain_Run3Summer22 is not a valid CRAB project directory.
ERROR 2026-06-12 18:43:12.557 UTC: 	 Caught ClientException exception
Traceback (most recent call last):
  File "/cvmfs/cms.cern.ch/share/cms/crab-prod/v3.251020.00/bin/crab.py", line 157, in <module>
    client()
  File "/cvmfs/cms.cern.ch/share/cms/crab-prod/v3.251020.00/bin/crab.py", line 135, in __call__
    self.cmd = sub_cmd(self.logger, args[1:])  # the crab command to be executed
  File "/cvmfs/cms.cern.ch/share/cms/crab-prod/v3.251020.00/lib/CRABClient/Commands/status.py", line 50, in __init__
    SubCommand.__init__(self, logger, cmdargs)
  File "/cvmfs/cms.cern.ch/share/cms/crab-prod/v3.251020.00/lib/CRABClient/Commands/SubCommand.py", line 281, in __init__
    SubCommand.validateOptions(self)
  File "/cvmfs/cms.cern.ch/share/cms/crab-prod/v3.251020.00/lib/CRABClient/Commands/SubCommand.py", line 691, in validateOptions
    raise ConfigurationException(msg)
CRABClient.ClientExceptions.ConfigurationException: [91mError[0m: crab_projects/crab_iDMe_pythiaGenFragment_ctau-100__chain_Run3Summer22 is not a valid CRAB project directory.
INFO 2026-06-12 18:43:12.559 UTC: 	 Log file is /uscms_data/d3/reshmar/sampleFactory/SampleFactory/crab.log
